<?xml version="1.0"?>
<link_info>
   <banner>TI ARM Linker PC v16.9.6.LTS</banner>
   <copyright>Copyright (c) 1996-2017 Texas Instruments Incorporated</copyright>
   <link_time>0x5a8a8ecc</link_time>
   <link_errors>0x0</link_errors>
   <output_file>CC3100GetWeather_4C123.out</output_file>
   <entry_point>
      <name>_c_int00</name>
      <address>0x149c1</address>
   </entry_point>
   <input_file_list>
      <input_file id="fl-2">
         <path>.\</path>
         <kind>object</kind>
         <file>ADCSWTrigger.obj</file>
         <name>ADCSWTrigger.obj</name>
      </input_file>
      <input_file id="fl-3">
         <path>.\</path>
         <kind>object</kind>
         <file>Addon.obj</file>
         <name>Addon.obj</name>
      </input_file>
      <input_file id="fl-4">
         <path>.\</path>
         <kind>object</kind>
         <file>DAC.obj</file>
         <name>DAC.obj</name>
      </input_file>
      <input_file id="fl-5">
         <path>.\</path>
         <kind>object</kind>
         <file>LCD.obj</file>
         <name>LCD.obj</name>
      </input_file>
      <input_file id="fl-6">
         <path>.\</path>
         <kind>object</kind>
         <file>LED.obj</file>
         <name>LED.obj</name>
      </input_file>
      <input_file id="fl-7">
         <path>.\</path>
         <kind>object</kind>
         <file>PLL.obj</file>
         <name>PLL.obj</name>
      </input_file>
      <input_file id="fl-8">
         <path>.\</path>
         <kind>object</kind>
         <file>ST7735.obj</file>
         <name>ST7735.obj</name>
      </input_file>
      <input_file id="fl-9">
         <path>.\</path>
         <kind>object</kind>
         <file>ST7735Addon.obj</file>
         <name>ST7735Addon.obj</name>
      </input_file>
      <input_file id="fl-a">
         <path>.\</path>
         <kind>object</kind>
         <file>Sound.obj</file>
         <name>Sound.obj</name>
      </input_file>
      <input_file id="fl-b">
         <path>.\</path>
         <kind>object</kind>
         <file>Switch.obj</file>
         <name>Switch.obj</name>
      </input_file>
      <input_file id="fl-c">
         <path>.\</path>
         <kind>object</kind>
         <file>SysTick.obj</file>
         <name>SysTick.obj</name>
      </input_file>
      <input_file id="fl-d">
         <path>.\</path>
         <kind>object</kind>
         <file>Timer0.obj</file>
         <name>Timer0.obj</name>
      </input_file>
      <input_file id="fl-e">
         <path>.\</path>
         <kind>object</kind>
         <file>Timer1.obj</file>
         <name>Timer1.obj</name>
      </input_file>
      <input_file id="fl-f">
         <path>.\</path>
         <kind>object</kind>
         <file>board.obj</file>
         <name>board.obj</name>
      </input_file>
      <input_file id="fl-10">
         <path>.\</path>
         <kind>object</kind>
         <file>device.obj</file>
         <name>device.obj</name>
      </input_file>
      <input_file id="fl-11">
         <path>.\</path>
         <kind>object</kind>
         <file>driver.obj</file>
         <name>driver.obj</name>
      </input_file>
      <input_file id="fl-12">
         <path>.\</path>
         <kind>object</kind>
         <file>flowcont.obj</file>
         <name>flowcont.obj</name>
      </input_file>
      <input_file id="fl-13">
         <path>.\</path>
         <kind>object</kind>
         <file>fs.obj</file>
         <name>fs.obj</name>
      </input_file>
      <input_file id="fl-14">
         <path>.\</path>
         <kind>object</kind>
         <file>main.obj</file>
         <name>main.obj</name>
      </input_file>
      <input_file id="fl-15">
         <path>.\</path>
         <kind>object</kind>
         <file>netapp.obj</file>
         <name>netapp.obj</name>
      </input_file>
      <input_file id="fl-16">
         <path>.\</path>
         <kind>object</kind>
         <file>netcfg.obj</file>
         <name>netcfg.obj</name>
      </input_file>
      <input_file id="fl-17">
         <path>.\</path>
         <kind>object</kind>
         <file>nonos.obj</file>
         <name>nonos.obj</name>
      </input_file>
      <input_file id="fl-18">
         <path>.\</path>
         <kind>object</kind>
         <file>socket.obj</file>
         <name>socket.obj</name>
      </input_file>
      <input_file id="fl-19">
         <path>.\</path>
         <kind>object</kind>
         <file>spawn.obj</file>
         <name>spawn.obj</name>
      </input_file>
      <input_file id="fl-1a">
         <path>.\</path>
         <kind>object</kind>
         <file>spi.obj</file>
         <name>spi.obj</name>
      </input_file>
      <input_file id="fl-1b">
         <path>.\</path>
         <kind>object</kind>
         <file>startup_ccs.obj</file>
         <name>startup_ccs.obj</name>
      </input_file>
      <input_file id="fl-1c">
         <path>.\</path>
         <kind>object</kind>
         <file>uart.obj</file>
         <name>uart.obj</name>
      </input_file>
      <input_file id="fl-1d">
         <path>.\</path>
         <kind>object</kind>
         <file>uartstdio.obj</file>
         <name>uartstdio.obj</name>
      </input_file>
      <input_file id="fl-1e">
         <path>.\</path>
         <kind>object</kind>
         <file>ustdlib.obj</file>
         <name>ustdlib.obj</name>
      </input_file>
      <input_file id="fl-1f">
         <path>.\</path>
         <kind>object</kind>
         <file>wlan.obj</file>
         <name>wlan.obj</name>
      </input_file>
      <input_file id="fl-24">
         <kind>object</kind>
         <file>&lt;internal&gt;</file>
         <name>&lt;internal&gt;</name>
      </input_file>
      <input_file id="fl-da">
         <path>C:\ti\ccsv7\tools\compiler\ti-cgt-arm_16.9.6.LTS\lib\</path>
         <kind>archive</kind>
         <file>rtsv7M4_T_le_v4SPD16_eabi.lib</file>
         <name>boot.obj</name>
      </input_file>
      <input_file id="fl-db">
         <path>C:\ti\ccsv7\tools\compiler\ti-cgt-arm_16.9.6.LTS\lib\</path>
         <kind>archive</kind>
         <file>rtsv7M4_T_le_v4SPD16_eabi.lib</file>
         <name>copy_decompress_lzss.obj</name>
      </input_file>
      <input_file id="fl-dc">
         <path>C:\ti\ccsv7\tools\compiler\ti-cgt-arm_16.9.6.LTS\lib\</path>
         <kind>archive</kind>
         <file>rtsv7M4_T_le_v4SPD16_eabi.lib</file>
         <name>copy_decompress_none.obj</name>
      </input_file>
      <input_file id="fl-dd">
         <path>C:\ti\ccsv7\tools\compiler\ti-cgt-arm_16.9.6.LTS\lib\</path>
         <kind>archive</kind>
         <file>rtsv7M4_T_le_v4SPD16_eabi.lib</file>
         <name>copy_zero_init.obj</name>
      </input_file>
      <input_file id="fl-de">
         <path>C:\ti\ccsv7\tools\compiler\ti-cgt-arm_16.9.6.LTS\lib\</path>
         <kind>archive</kind>
         <file>rtsv7M4_T_le_v4SPD16_eabi.lib</file>
         <name>exit.obj</name>
      </input_file>
      <input_file id="fl-df">
         <path>C:\ti\ccsv7\tools\compiler\ti-cgt-arm_16.9.6.LTS\lib\</path>
         <kind>archive</kind>
         <file>rtsv7M4_T_le_v4SPD16_eabi.lib</file>
         <name>fd_cmp_t2.obj</name>
      </input_file>
      <input_file id="fl-e0">
         <path>C:\ti\ccsv7\tools\compiler\ti-cgt-arm_16.9.6.LTS\lib\</path>
         <kind>archive</kind>
         <file>rtsv7M4_T_le_v4SPD16_eabi.lib</file>
         <name>fd_mul_t2.obj</name>
      </input_file>
      <input_file id="fl-e1">
         <path>C:\ti\ccsv7\tools\compiler\ti-cgt-arm_16.9.6.LTS\lib\</path>
         <kind>archive</kind>
         <file>rtsv7M4_T_le_v4SPD16_eabi.lib</file>
         <name>fd_toi_t2.obj</name>
      </input_file>
      <input_file id="fl-e2">
         <path>C:\ti\ccsv7\tools\compiler\ti-cgt-arm_16.9.6.LTS\lib\</path>
         <kind>archive</kind>
         <file>rtsv7M4_T_le_v4SPD16_eabi.lib</file>
         <name>i_tofd_t2.obj</name>
      </input_file>
      <input_file id="fl-e3">
         <path>C:\ti\ccsv7\tools\compiler\ti-cgt-arm_16.9.6.LTS\lib\</path>
         <kind>archive</kind>
         <file>rtsv7M4_T_le_v4SPD16_eabi.lib</file>
         <name>localtim.obj</name>
      </input_file>
      <input_file id="fl-e4">
         <path>C:\ti\ccsv7\tools\compiler\ti-cgt-arm_16.9.6.LTS\lib\</path>
         <kind>archive</kind>
         <file>rtsv7M4_T_le_v4SPD16_eabi.lib</file>
         <name>memcpy_t2.obj</name>
      </input_file>
      <input_file id="fl-e5">
         <path>C:\ti\ccsv7\tools\compiler\ti-cgt-arm_16.9.6.LTS\lib\</path>
         <kind>archive</kind>
         <file>rtsv7M4_T_le_v4SPD16_eabi.lib</file>
         <name>memset_t2.obj</name>
      </input_file>
      <input_file id="fl-e6">
         <path>C:\ti\ccsv7\tools\compiler\ti-cgt-arm_16.9.6.LTS\lib\</path>
         <kind>archive</kind>
         <file>rtsv7M4_T_le_v4SPD16_eabi.lib</file>
         <name>mktime.obj</name>
      </input_file>
      <input_file id="fl-e7">
         <path>C:\ti\ccsv7\tools\compiler\ti-cgt-arm_16.9.6.LTS\lib\</path>
         <kind>archive</kind>
         <file>rtsv7M4_T_le_v4SPD16_eabi.lib</file>
         <name>mpu_init.obj</name>
      </input_file>
      <input_file id="fl-e8">
         <path>C:\ti\ccsv7\tools\compiler\ti-cgt-arm_16.9.6.LTS\lib\</path>
         <kind>archive</kind>
         <file>rtsv7M4_T_le_v4SPD16_eabi.lib</file>
         <name>pre_init.obj</name>
      </input_file>
      <input_file id="fl-e9">
         <path>C:\ti\ccsv7\tools\compiler\ti-cgt-arm_16.9.6.LTS\lib\</path>
         <kind>archive</kind>
         <file>rtsv7M4_T_le_v4SPD16_eabi.lib</file>
         <name>stkdepth_vars.obj</name>
      </input_file>
      <input_file id="fl-ea">
         <path>C:\ti\ccsv7\tools\compiler\ti-cgt-arm_16.9.6.LTS\lib\</path>
         <kind>archive</kind>
         <file>rtsv7M4_T_le_v4SPD16_eabi.lib</file>
         <name>strcpy.obj</name>
      </input_file>
      <input_file id="fl-eb">
         <path>C:\ti\ccsv7\tools\compiler\ti-cgt-arm_16.9.6.LTS\lib\</path>
         <kind>archive</kind>
         <file>rtsv7M4_T_le_v4SPD16_eabi.lib</file>
         <name>strlen.obj</name>
      </input_file>
      <input_file id="fl-ec">
         <path>C:\ti\ccsv7\tools\compiler\ti-cgt-arm_16.9.6.LTS\lib\</path>
         <kind>archive</kind>
         <file>rtsv7M4_T_le_v4SPD16_eabi.lib</file>
         <name>tmzone.obj</name>
      </input_file>
      <input_file id="fl-ed">
         <path>C:\ti\ccsv7\tools\compiler\ti-cgt-arm_16.9.6.LTS\lib\</path>
         <kind>archive</kind>
         <file>rtsv7M4_T_le_v4SPD16_eabi.lib</file>
         <name>u_divt2.obj</name>
      </input_file>
      <input_file id="fl-ee">
         <path>C:\ti\ccsv7\tools\compiler\ti-cgt-arm_16.9.6.LTS\lib\</path>
         <kind>archive</kind>
         <file>rtsv7M4_T_le_v4SPD16_eabi.lib</file>
         <name>_lock.obj</name>
      </input_file>
      <input_file id="fl-ef">
         <path>C:\ti\ccsv7\tools\compiler\ti-cgt-arm_16.9.6.LTS\lib\</path>
         <kind>archive</kind>
         <file>rtsv7M4_T_le_v4SPD16_eabi.lib</file>
         <name>args_main.obj</name>
      </input_file>
      <input_file id="fl-f0">
         <path>C:\ti\ccsv7\tools\compiler\ti-cgt-arm_16.9.6.LTS\lib\</path>
         <kind>archive</kind>
         <file>rtsv7M4_T_le_v4SPD16_eabi.lib</file>
         <name>autoinit.obj</name>
      </input_file>
      <input_file id="fl-f1">
         <path>C:\ti\ccsv7\tools\compiler\ti-cgt-arm_16.9.6.LTS\lib\</path>
         <kind>archive</kind>
         <file>rtsv7M4_T_le_v4SPD16_eabi.lib</file>
         <name>cpy_tbl.obj</name>
      </input_file>
      <input_file id="fl-f2">
         <path>C:\ti\ccsv7\tools\compiler\ti-cgt-arm_16.9.6.LTS\lib\</path>
         <kind>archive</kind>
         <file>rtsv7M4_T_le_v4SPD16_eabi.lib</file>
         <name>i_div0.obj</name>
      </input_file>
      <input_file id="fl-f3">
         <path>C:\ti\ccsv7\tools\compiler\ti-cgt-arm_16.9.6.LTS\lib\</path>
         <kind>archive</kind>
         <file>rtsv7M4_T_le_v4SPD16_eabi.lib</file>
         <name>ll_div_t2.obj</name>
      </input_file>
      <input_file id="fl-f4">
         <path>C:\ti\ccsv7\tools\compiler\ti-cgt-arm_16.9.6.LTS\lib\</path>
         <kind>archive</kind>
         <file>rtsv7M4_T_le_v4SPD16_eabi.lib</file>
         <name>startup.obj</name>
      </input_file>
      <input_file id="fl-f5">
         <path>C:\ti\ccsv7\tools\compiler\ti-cgt-arm_16.9.6.LTS\lib\</path>
         <kind>archive</kind>
         <file>rtsv7M4_T_le_v4SPD16_eabi.lib</file>
         <name>l_div0.obj</name>
      </input_file>
      <input_file id="fl-f6">
         <path>C:\Users\dwsch\workspace_v7\driverlib\ccs\Debug\</path>
         <kind>archive</kind>
         <file>driverlib.lib</file>
         <name>uart.obj</name>
      </input_file>
      <input_file id="fl-f7">
         <path>C:\Users\dwsch\workspace_v7\driverlib\ccs\Debug\</path>
         <kind>archive</kind>
         <file>driverlib.lib</file>
         <name>sysctl.obj</name>
      </input_file>
      <input_file id="fl-f8">
         <path>C:\Users\dwsch\workspace_v7\driverlib\ccs\Debug\</path>
         <kind>archive</kind>
         <file>driverlib.lib</file>
         <name>ssi.obj</name>
      </input_file>
      <input_file id="fl-f9">
         <path>C:\Users\dwsch\workspace_v7\driverlib\ccs\Debug\</path>
         <kind>archive</kind>
         <file>driverlib.lib</file>
         <name>interrupt.obj</name>
      </input_file>
      <input_file id="fl-fa">
         <path>C:\Users\dwsch\workspace_v7\driverlib\ccs\Debug\</path>
         <kind>archive</kind>
         <file>driverlib.lib</file>
         <name>gpio.obj</name>
      </input_file>
      <input_file id="fl-fb">
         <path>C:\Users\dwsch\workspace_v7\driverlib\ccs\Debug\</path>
         <kind>archive</kind>
         <file>driverlib.lib</file>
         <name>fpu.obj</name>
      </input_file>
      <input_file id="fl-fc">
         <path>C:\Users\dwsch\workspace_v7\driverlib\ccs\Debug\</path>
         <kind>archive</kind>
         <file>driverlib.lib</file>
         <name>cpu.obj</name>
      </input_file>
   </input_file_list>
   <object_component_list>
      <object_component id="oc-f">
         <name>.intvecs</name>
         <load_address>0x0</load_address>
         <run_address>0x0</run_address>
         <size>0x26c</size>
         <input_file_ref idref="fl-1b"/>
      </object_component>
      <object_component id="oc-327">
         <name>.text</name>
         <load_address>0xbdec</load_address>
         <run_address>0xbdec</run_address>
         <size>0x1dcc</size>
         <input_file_ref idref="fl-11"/>
      </object_component>
      <object_component id="oc-21c">
         <name>.text</name>
         <load_address>0xdbb8</load_address>
         <run_address>0xdbb8</run_address>
         <size>0x13f0</size>
         <input_file_ref idref="fl-8"/>
      </object_component>
      <object_component id="oc-237">
         <name>.text</name>
         <load_address>0xefa8</load_address>
         <run_address>0xefa8</run_address>
         <size>0xda4</size>
         <input_file_ref idref="fl-18"/>
      </object_component>
      <object_component id="oc-184">
         <name>.text</name>
         <load_address>0xfd4c</load_address>
         <run_address>0xfd4c</run_address>
         <size>0xc54</size>
         <input_file_ref idref="fl-14"/>
      </object_component>
      <object_component id="oc-231">
         <name>.text</name>
         <load_address>0x109a0</load_address>
         <run_address>0x109a0</run_address>
         <size>0xad8</size>
         <input_file_ref idref="fl-15"/>
      </object_component>
      <object_component id="oc-249">
         <name>.text</name>
         <load_address>0x11478</load_address>
         <run_address>0x11478</run_address>
         <size>0xa64</size>
         <input_file_ref idref="fl-1f"/>
      </object_component>
      <object_component id="oc-216">
         <name>.text</name>
         <load_address>0x11edc</load_address>
         <run_address>0x11edc</run_address>
         <size>0x5dc</size>
         <input_file_ref idref="fl-5"/>
      </object_component>
      <object_component id="oc-243">
         <name>.text</name>
         <load_address>0x124b8</load_address>
         <run_address>0x124b8</run_address>
         <size>0x51c</size>
         <input_file_ref idref="fl-10"/>
      </object_component>
      <object_component id="oc-43">
         <name>.text</name>
         <load_address>0x129d4</load_address>
         <run_address>0x129d4</run_address>
         <size>0x49c</size>
         <input_file_ref idref="fl-1d"/>
      </object_component>
      <object_component id="oc-503">
         <name>.text</name>
         <load_address>0x12e70</load_address>
         <run_address>0x12e70</run_address>
         <size>0x2a0</size>
         <input_file_ref idref="fl-e6"/>
      </object_component>
      <object_component id="oc-542">
         <name>.text</name>
         <load_address>0x13110</load_address>
         <run_address>0x13110</run_address>
         <size>0x21e</size>
         <input_file_ref idref="fl-f3"/>
      </object_component>
      <object_component id="oc-1dd">
         <name>.text</name>
         <load_address>0x1332e</load_address>
         <run_address>0x1332e</run_address>
         <size>0x2</size>
         <input_file_ref idref="fl-f2"/>
      </object_component>
      <object_component id="oc-394">
         <name>.text</name>
         <load_address>0x13330</load_address>
         <run_address>0x13330</run_address>
         <size>0x1c0</size>
         <input_file_ref idref="fl-1a"/>
      </object_component>
      <object_component id="oc-255">
         <name>.text</name>
         <load_address>0x134f0</load_address>
         <run_address>0x134f0</run_address>
         <size>0x1a8</size>
         <input_file_ref idref="fl-3"/>
      </object_component>
      <object_component id="oc-3d">
         <name>.text</name>
         <load_address>0x13698</load_address>
         <run_address>0x13698</run_address>
         <size>0x160</size>
         <input_file_ref idref="fl-b"/>
      </object_component>
      <object_component id="oc-3f0">
         <name>.text</name>
         <load_address>0x137f8</load_address>
         <run_address>0x137f8</run_address>
         <size>0x138</size>
         <input_file_ref idref="fl-e3"/>
      </object_component>
      <object_component id="oc-2c1">
         <name>.text:GPIOPadConfigSet</name>
         <load_address>0x13930</load_address>
         <run_address>0x13930</run_address>
         <size>0x130</size>
         <input_file_ref idref="fl-fa"/>
      </object_component>
      <object_component id="oc-25f">
         <name>.text</name>
         <load_address>0x13a60</load_address>
         <run_address>0x13a60</run_address>
         <size>0x120</size>
         <input_file_ref idref="fl-2"/>
      </object_component>
      <object_component id="oc-c9">
         <name>.text:SysCtlClockGet</name>
         <load_address>0x13b80</load_address>
         <run_address>0x13b80</run_address>
         <size>0x118</size>
         <input_file_ref idref="fl-f7"/>
      </object_component>
      <object_component id="oc-24f">
         <name>.text</name>
         <load_address>0x13c98</load_address>
         <run_address>0x13c98</run_address>
         <size>0x114</size>
         <input_file_ref idref="fl-17"/>
      </object_component>
      <object_component id="oc-267">
         <name>.text</name>
         <load_address>0x13dac</load_address>
         <run_address>0x13dac</run_address>
         <size>0x100</size>
         <input_file_ref idref="fl-16"/>
      </object_component>
      <object_component id="oc-2d4">
         <name>.text</name>
         <load_address>0x13eac</load_address>
         <run_address>0x13eac</run_address>
         <size>0xfc</size>
         <input_file_ref idref="fl-e0"/>
      </object_component>
      <object_component id="oc-b1">
         <name>.text:SysCtlClockSet</name>
         <load_address>0x13fa8</load_address>
         <run_address>0x13fa8</run_address>
         <size>0xf0</size>
         <input_file_ref idref="fl-f7"/>
      </object_component>
      <object_component id="oc-2c9">
         <name>.text</name>
         <load_address>0x14098</load_address>
         <run_address>0x14098</run_address>
         <size>0xe8</size>
         <input_file_ref idref="fl-9"/>
      </object_component>
      <object_component id="oc-37">
         <name>.text</name>
         <load_address>0x14180</load_address>
         <run_address>0x14180</run_address>
         <size>0xe4</size>
         <input_file_ref idref="fl-f"/>
      </object_component>
      <object_component id="oc-210">
         <name>.text</name>
         <load_address>0x14264</load_address>
         <run_address>0x14264</run_address>
         <size>0xe0</size>
         <input_file_ref idref="fl-6"/>
      </object_component>
      <object_component id="oc-49">
         <name>.text</name>
         <load_address>0x14344</load_address>
         <run_address>0x14344</run_address>
         <size>0xd0</size>
         <input_file_ref idref="fl-a"/>
      </object_component>
      <object_component id="oc-63">
         <name>.text</name>
         <load_address>0x14414</load_address>
         <run_address>0x14414</run_address>
         <size>0x9c</size>
         <input_file_ref idref="fl-e4"/>
      </object_component>
      <object_component id="oc-148">
         <name>.text</name>
         <load_address>0x144b0</load_address>
         <run_address>0x144b0</run_address>
         <size>0x90</size>
         <input_file_ref idref="fl-d"/>
      </object_component>
      <object_component id="oc-4f">
         <name>.text</name>
         <load_address>0x14540</load_address>
         <run_address>0x14540</run_address>
         <size>0x90</size>
         <input_file_ref idref="fl-e"/>
      </object_component>
      <object_component id="oc-31">
         <name>.text</name>
         <load_address>0x145d0</load_address>
         <run_address>0x145d0</run_address>
         <size>0x88</size>
         <input_file_ref idref="fl-c"/>
      </object_component>
      <object_component id="oc-2cf">
         <name>.text:__aeabi_cdcmple</name>
         <load_address>0x14658</load_address>
         <run_address>0x14658</run_address>
         <size>0x86</size>
         <input_file_ref idref="fl-df"/>
      </object_component>
      <object_component id="oc-6f">
         <name>.text</name>
         <load_address>0x146de</load_address>
         <run_address>0x146de</run_address>
         <size>0x7a</size>
         <input_file_ref idref="fl-e5"/>
      </object_component>
      <object_component id="oc-43c">
         <name>.text</name>
         <load_address>0x14758</load_address>
         <run_address>0x14758</run_address>
         <size>0x70</size>
         <input_file_ref idref="fl-12"/>
      </object_component>
      <object_component id="oc-87">
         <name>.text</name>
         <load_address>0x147c8</load_address>
         <run_address>0x147c8</run_address>
         <size>0x70</size>
         <input_file_ref idref="fl-f0"/>
      </object_component>
      <object_component id="oc-142">
         <name>.text</name>
         <load_address>0x14838</load_address>
         <run_address>0x14838</run_address>
         <size>0x68</size>
         <input_file_ref idref="fl-4"/>
      </object_component>
      <object_component id="oc-12">
         <name>.text:decompress:lzss</name>
         <load_address>0x148a0</load_address>
         <run_address>0x148a0</run_address>
         <size>0x68</size>
         <input_file_ref idref="fl-db"/>
      </object_component>
      <object_component id="oc-4af">
         <name>.text:IntEnable</name>
         <load_address>0x14908</load_address>
         <run_address>0x14908</run_address>
         <size>0x60</size>
         <input_file_ref idref="fl-f9"/>
      </object_component>
      <object_component id="oc-4a9">
         <name>.text:GPIOIntTypeSet</name>
         <load_address>0x14968</load_address>
         <run_address>0x14968</run_address>
         <size>0x56</size>
         <input_file_ref idref="fl-fa"/>
      </object_component>
      <object_component id="oc-55f">
         <name>.text</name>
         <load_address>0x149be</load_address>
         <run_address>0x149be</run_address>
         <size>0x2</size>
         <input_file_ref idref="fl-f5"/>
      </object_component>
      <object_component id="oc-24">
         <name>.text</name>
         <load_address>0x149c0</load_address>
         <run_address>0x149c0</run_address>
         <size>0x54</size>
         <input_file_ref idref="fl-da"/>
      </object_component>
      <object_component id="oc-93">
         <name>.text</name>
         <load_address>0x14a14</load_address>
         <run_address>0x14a14</run_address>
         <size>0x54</size>
         <input_file_ref idref="fl-de"/>
      </object_component>
      <object_component id="oc-176">
         <name>.text</name>
         <load_address>0x14a68</load_address>
         <run_address>0x14a68</run_address>
         <size>0x4c</size>
         <input_file_ref idref="fl-f1"/>
      </object_component>
      <object_component id="oc-204">
         <name>.text:GPIOPinConfigure</name>
         <load_address>0x14ab4</load_address>
         <run_address>0x14ab4</run_address>
         <size>0x48</size>
         <input_file_ref idref="fl-fa"/>
      </object_component>
      <object_component id="oc-2de">
         <name>.text</name>
         <load_address>0x14afc</load_address>
         <run_address>0x14afc</run_address>
         <size>0x48</size>
         <input_file_ref idref="fl-e1"/>
      </object_component>
      <object_component id="oc-497">
         <name>.text:SSIConfigSetExpClk</name>
         <load_address>0x14b44</load_address>
         <run_address>0x14b44</run_address>
         <size>0x42</size>
         <input_file_ref idref="fl-f8"/>
      </object_component>
      <object_component id="oc-108">
         <name>.text:UARTConfigSetExpClk</name>
         <load_address>0x14b86</load_address>
         <run_address>0x14b86</run_address>
         <size>0x40</size>
         <input_file_ref idref="fl-f6"/>
      </object_component>
      <object_component id="oc-129">
         <name>.text</name>
         <load_address>0x14bc6</load_address>
         <run_address>0x14bc6</run_address>
         <size>0x40</size>
         <input_file_ref idref="fl-ed"/>
      </object_component>
      <object_component id="oc-7b">
         <name>.text</name>
         <load_address>0x14c06</load_address>
         <run_address>0x14c06</run_address>
         <size>0x2</size>
         <input_file_ref idref="fl-e7"/>
      </object_component>
      <object_component id="oc-102">
         <name>.text:SysCtlPeripheralEnable</name>
         <load_address>0x14c08</load_address>
         <run_address>0x14c08</run_address>
         <size>0x34</size>
         <input_file_ref idref="fl-f7"/>
      </object_component>
      <object_component id="oc-fc">
         <name>.text:SysCtlPeripheralPresent</name>
         <load_address>0x14c3c</load_address>
         <run_address>0x14c3c</run_address>
         <size>0x34</size>
         <input_file_ref idref="fl-f7"/>
      </object_component>
      <object_component id="oc-2d9">
         <name>.text</name>
         <load_address>0x14c70</load_address>
         <run_address>0x14c70</run_address>
         <size>0x2e</size>
         <input_file_ref idref="fl-e2"/>
      </object_component>
      <object_component id="oc-2bb">
         <name>.text:GPIODirModeSet</name>
         <load_address>0x14c9e</load_address>
         <run_address>0x14c9e</run_address>
         <size>0x2a</size>
         <input_file_ref idref="fl-fa"/>
      </object_component>
      <object_component id="oc-2b">
         <name>.text</name>
         <load_address>0x14cc8</load_address>
         <run_address>0x14cc8</run_address>
         <size>0x26</size>
         <input_file_ref idref="fl-1b"/>
      </object_component>
      <object_component id="oc-17c">
         <name>.text</name>
         <load_address>0x14cee</load_address>
         <run_address>0x14cee</run_address>
         <size>0x2</size>
         <input_file_ref idref="fl-f4"/>
      </object_component>
      <object_component id="oc-1cd">
         <name>.text:UARTDisable</name>
         <load_address>0x14cf0</load_address>
         <run_address>0x14cf0</run_address>
         <size>0x1c</size>
         <input_file_ref idref="fl-f6"/>
      </object_component>
      <object_component id="oc-48b">
         <name>.text:GPIOPinTypeGPIOOutput</name>
         <load_address>0x14d0c</load_address>
         <run_address>0x14d0c</run_address>
         <size>0x18</size>
         <input_file_ref idref="fl-fa"/>
      </object_component>
      <object_component id="oc-8d">
         <name>.text</name>
         <load_address>0x14d24</load_address>
         <run_address>0x14d24</run_address>
         <size>0x18</size>
         <input_file_ref idref="fl-ef"/>
      </object_component>
      <object_component id="oc-10e">
         <name>.text:UARTEnable</name>
         <load_address>0x14d3c</load_address>
         <run_address>0x14d3c</run_address>
         <size>0x14</size>
         <input_file_ref idref="fl-f6"/>
      </object_component>
      <object_component id="oc-289">
         <name>.text</name>
         <load_address>0x14d50</load_address>
         <run_address>0x14d50</run_address>
         <size>0x14</size>
         <input_file_ref idref="fl-ee"/>
      </object_component>
      <object_component id="oc-225">
         <name>.text</name>
         <load_address>0x14d64</load_address>
         <run_address>0x14d64</run_address>
         <size>0x14</size>
         <input_file_ref idref="fl-ea"/>
      </object_component>
      <object_component id="oc-22b">
         <name>.text</name>
         <load_address>0x14d78</load_address>
         <run_address>0x14d78</run_address>
         <size>0x14</size>
         <input_file_ref idref="fl-eb"/>
      </object_component>
      <object_component id="oc-4a3">
         <name>.text:GPIOPinTypeGPIOInput</name>
         <load_address>0x14d8c</load_address>
         <run_address>0x14d8c</run_address>
         <size>0x12</size>
         <input_file_ref idref="fl-fa"/>
      </object_component>
      <object_component id="oc-491">
         <name>.text:GPIOPinTypeSSI</name>
         <load_address>0x14d9e</load_address>
         <run_address>0x14d9e</run_address>
         <size>0x12</size>
         <input_file_ref idref="fl-fa"/>
      </object_component>
      <object_component id="oc-20a">
         <name>.text:GPIOPinTypeUART</name>
         <load_address>0x14db0</load_address>
         <run_address>0x14db0</run_address>
         <size>0x12</size>
         <input_file_ref idref="fl-fa"/>
      </object_component>
      <object_component id="oc-4c1">
         <name>.text:SSIDataGetNonBlocking</name>
         <load_address>0x14dc2</load_address>
         <run_address>0x14dc2</run_address>
         <size>0x12</size>
         <input_file_ref idref="fl-f8"/>
      </object_component>
      <object_component id="oc-a5">
         <name>.text:FPUEnable</name>
         <load_address>0x14dd4</load_address>
         <run_address>0x14dd4</run_address>
         <size>0x10</size>
         <input_file_ref idref="fl-fb"/>
      </object_component>
      <object_component id="oc-ab">
         <name>.text:FPULazyStackingEnable</name>
         <load_address>0x14de4</load_address>
         <run_address>0x14de4</run_address>
         <size>0x10</size>
         <input_file_ref idref="fl-fb"/>
      </object_component>
      <object_component id="oc-c3">
         <name>.text:GPIOIntDisable</name>
         <load_address>0x14df4</load_address>
         <run_address>0x14df4</run_address>
         <size>0xe</size>
         <input_file_ref idref="fl-fa"/>
      </object_component>
      <object_component id="oc-d0">
         <name>.text:GPIOIntStatus</name>
         <load_address>0x14e02</load_address>
         <run_address>0x14e02</run_address>
         <size>0xe</size>
         <input_file_ref idref="fl-fa"/>
      </object_component>
      <object_component id="oc-4bb">
         <name>.text:SSIDataPutNonBlocking</name>
         <load_address>0x14e10</load_address>
         <run_address>0x14e10</run_address>
         <size>0xe</size>
         <input_file_ref idref="fl-f8"/>
      </object_component>
      <object_component id="oc-18">
         <name>.text:decompress:none</name>
         <load_address>0x14e1e</load_address>
         <run_address>0x14e1e</run_address>
         <size>0xe</size>
         <input_file_ref idref="fl-dc"/>
      </object_component>
      <object_component id="oc-537">
         <name>.text:CPUcpsie</name>
         <load_address>0x14e2c</load_address>
         <run_address>0x14e2c</run_address>
         <size>0xc</size>
         <input_file_ref idref="fl-fc"/>
      </object_component>
      <object_component id="oc-bd">
         <name>.text:GPIOIntEnable</name>
         <load_address>0x14e38</load_address>
         <run_address>0x14e38</run_address>
         <size>0xc</size>
         <input_file_ref idref="fl-fa"/>
      </object_component>
      <object_component id="oc-1e">
         <name>.text:decompress:ZI</name>
         <load_address>0x14e44</load_address>
         <run_address>0x14e44</run_address>
         <size>0xc</size>
         <input_file_ref idref="fl-dd"/>
      </object_component>
      <object_component id="oc-4b5">
         <name>.text:IntMasterEnable</name>
         <load_address>0x14e50</load_address>
         <run_address>0x14e50</run_address>
         <size>0xa</size>
         <input_file_ref idref="fl-f9"/>
      </object_component>
      <object_component id="oc-49d">
         <name>.text:SSIEnable</name>
         <load_address>0x14e5a</load_address>
         <run_address>0x14e5a</run_address>
         <size>0xa</size>
         <input_file_ref idref="fl-f8"/>
      </object_component>
      <object_component id="oc-11a">
         <name>.text:UARTCharGet</name>
         <load_address>0x14e64</load_address>
         <run_address>0x14e64</run_address>
         <size>0xa</size>
         <input_file_ref idref="fl-f6"/>
      </object_component>
      <object_component id="oc-114">
         <name>.text:UARTCharPut</name>
         <load_address>0x14e6e</load_address>
         <run_address>0x14e6e</run_address>
         <size>0xa</size>
         <input_file_ref idref="fl-f6"/>
      </object_component>
      <object_component id="oc-dc">
         <name>.text:UARTIntStatus</name>
         <load_address>0x14e78</load_address>
         <run_address>0x14e78</run_address>
         <size>0xa</size>
         <input_file_ref idref="fl-f6"/>
      </object_component>
      <object_component id="oc-d6">
         <name>.text:GPIOIntClear</name>
         <load_address>0x14e82</load_address>
         <run_address>0x14e82</run_address>
         <size>0x6</size>
         <input_file_ref idref="fl-fa"/>
      </object_component>
      <object_component id="oc-b7">
         <name>.text:GPIOPinWrite</name>
         <load_address>0x14e88</load_address>
         <run_address>0x14e88</run_address>
         <size>0x6</size>
         <input_file_ref idref="fl-fa"/>
      </object_component>
      <object_component id="oc-cf">
         <name>.text:SysCtlDelay</name>
         <load_address>0x14e8e</load_address>
         <run_address>0x14e8e</run_address>
         <size>0x6</size>
         <input_file_ref idref="fl-f7"/>
      </object_component>
      <object_component id="oc-e2">
         <name>.text:UARTIntClear</name>
         <load_address>0x14e94</load_address>
         <run_address>0x14e94</run_address>
         <size>0x4</size>
         <input_file_ref idref="fl-f6"/>
      </object_component>
      <object_component id="oc-81">
         <name>.text</name>
         <load_address>0x14e98</load_address>
         <run_address>0x14e98</run_address>
         <size>0x4</size>
         <input_file_ref idref="fl-e8"/>
      </object_component>
      <object_component id="oc-154">
         <name>.const:.string:alarm</name>
         <load_address>0x270</load_address>
         <run_address>0x270</run_address>
         <size>0x7a00</size>
         <input_file_ref idref="fl-a"/>
      </object_component>
      <object_component id="oc-2e3">
         <name>.const:clockface</name>
         <load_address>0x7c70</load_address>
         <run_address>0x7c70</run_address>
         <size>0x3200</size>
         <input_file_ref idref="fl-5"/>
      </object_component>
      <object_component id="oc-30f">
         <name>.const:.string:Font</name>
         <load_address>0xae70</load_address>
         <run_address>0xae70</run_address>
         <size>0x4fb</size>
         <input_file_ref idref="fl-8"/>
      </object_component>
      <object_component id="oc-318">
         <name>.const:.string:dBfs</name>
         <load_address>0xb36b</load_address>
         <run_address>0xb36b</run_address>
         <size>0x200</size>
         <input_file_ref idref="fl-8"/>
      </object_component>
      <object_component id="oc-44b">
         <name>.const:$P$T0$1</name>
         <load_address>0xb56c</load_address>
         <run_address>0xb56c</run_address>
         <size>0x4</size>
         <input_file_ref idref="fl-11"/>
      </object_component>
      <object_component id="oc-2e9">
         <name>.const:cosTable</name>
         <load_address>0xb570</load_address>
         <run_address>0xb570</run_address>
         <size>0x1e0</size>
         <input_file_ref idref="fl-5"/>
      </object_component>
      <object_component id="oc-2e6">
         <name>.const:sinTable</name>
         <load_address>0xb750</load_address>
         <run_address>0xb750</run_address>
         <size>0x1e0</size>
         <input_file_ref idref="fl-5"/>
      </object_component>
      <object_component id="oc-3b0">
         <name>.const:$P$T0$1</name>
         <load_address>0xb930</load_address>
         <run_address>0xb930</run_address>
         <size>0xb0</size>
         <input_file_ref idref="fl-1f"/>
      </object_component>
      <object_component id="oc-2b7">
         <name>.const:g_pui32GPIOBaseAddrs</name>
         <load_address>0xb9e0</load_address>
         <run_address>0xb9e0</run_address>
         <size>0x90</size>
         <input_file_ref idref="fl-fa"/>
      </object_component>
      <object_component id="oc-532">
         <name>.const</name>
         <load_address>0xba70</load_address>
         <run_address>0xba70</run_address>
         <size>0x70</size>
         <input_file_ref idref="fl-f9"/>
      </object_component>
      <object_component id="oc-1a8">
         <name>.const:g_pui32Xtals</name>
         <load_address>0xbae0</load_address>
         <run_address>0xbae0</run_address>
         <size>0x6c</size>
         <input_file_ref idref="fl-f7"/>
      </object_component>
      <object_component id="oc-2fd">
         <name>.const:.string:Bcmd</name>
         <load_address>0xbb4c</load_address>
         <run_address>0xbb4c</run_address>
         <size>0x67</size>
         <input_file_ref idref="fl-8"/>
      </object_component>
      <object_component id="oc-547">
         <name>.const:$O1$$</name>
         <load_address>0xbbb4</load_address>
         <run_address>0xbbb4</run_address>
         <size>0x60</size>
         <input_file_ref idref="fl-e6"/>
      </object_component>
      <object_component id="oc-303">
         <name>.const:.string:Rcmd1</name>
         <load_address>0xbc14</load_address>
         <run_address>0xbc14</run_address>
         <size>0x3b</size>
         <input_file_ref idref="fl-8"/>
      </object_component>
      <object_component id="oc-44e">
         <name>.const:_SlActionLookupTable</name>
         <load_address>0xbc50</load_address>
         <run_address>0xbc50</run_address>
         <size>0x38</size>
         <input_file_ref idref="fl-11"/>
      </object_component>
      <object_component id="oc-26d">
         <name>.const:$P$T0$1</name>
         <load_address>0xbc88</load_address>
         <run_address>0xbc88</run_address>
         <size>0x2c</size>
         <input_file_ref idref="fl-14"/>
      </object_component>
      <object_component id="oc-30c">
         <name>.const:.string:Rcmd3</name>
         <load_address>0xbcb4</load_address>
         <run_address>0xbcb4</run_address>
         <size>0x2b</size>
         <input_file_ref idref="fl-8"/>
      </object_component>
      <object_component id="oc-1e4">
         <name>.const:.string</name>
         <load_address>0xbce0</load_address>
         <run_address>0xbce0</run_address>
         <size>0x12</size>
         <input_file_ref idref="fl-1d"/>
      </object_component>
      <object_component id="oc-306">
         <name>.const:.string:Rcmd2green</name>
         <load_address>0xbcf2</load_address>
         <run_address>0xbcf2</run_address>
         <size>0xd</size>
         <input_file_ref idref="fl-8"/>
      </object_component>
      <object_component id="oc-309">
         <name>.const:.string:Rcmd2red</name>
         <load_address>0xbcff</load_address>
         <run_address>0xbcff</run_address>
         <size>0xd</size>
         <input_file_ref idref="fl-8"/>
      </object_component>
      <object_component id="oc-126">
         <name>.const:g_ui32UARTBase</name>
         <load_address>0xbd0c</load_address>
         <run_address>0xbd0c</run_address>
         <size>0xc</size>
         <input_file_ref idref="fl-1d"/>
      </object_component>
      <object_component id="oc-120">
         <name>.const:g_ui32UARTPeriph</name>
         <load_address>0xbd18</load_address>
         <run_address>0xbd18</run_address>
         <size>0xc</size>
         <input_file_ref idref="fl-1d"/>
      </object_component>
      <object_component id="oc-448">
         <name>.const:g_H2NCnysPattern</name>
         <load_address>0xbd24</load_address>
         <run_address>0xbd24</run_address>
         <size>0x8</size>
         <input_file_ref idref="fl-11"/>
      </object_component>
      <object_component id="oc-445">
         <name>.const:g_H2NSyncPattern</name>
         <load_address>0xbd2c</load_address>
         <run_address>0xbd2c</run_address>
         <size>0x8</size>
         <input_file_ref idref="fl-11"/>
      </object_component>
      <object_component id="oc-342">
         <name>.const:$P$T0$1</name>
         <load_address>0xbd34</load_address>
         <run_address>0xbd34</run_address>
         <size>0x4</size>
         <input_file_ref idref="fl-15"/>
      </object_component>
      <object_component id="oc-365">
         <name>.const:$P$T0$1</name>
         <load_address>0xbd38</load_address>
         <run_address>0xbd38</run_address>
         <size>0x4</size>
         <input_file_ref idref="fl-18"/>
      </object_component>
      <object_component id="oc-368">
         <name>.const:$P$T1$2</name>
         <load_address>0xbd3c</load_address>
         <run_address>0xbd3c</run_address>
         <size>0x4</size>
         <input_file_ref idref="fl-18"/>
      </object_component>
      <object_component id="oc-3b3">
         <name>.const:$P$T1$2</name>
         <load_address>0xbd40</load_address>
         <run_address>0xbd40</run_address>
         <size>0x4</size>
         <input_file_ref idref="fl-1f"/>
      </object_component>
      <object_component id="oc-36e">
         <name>.const:$P$T2$3</name>
         <load_address>0xbd44</load_address>
         <run_address>0xbd44</run_address>
         <size>0x4</size>
         <input_file_ref idref="fl-18"/>
      </object_component>
      <object_component id="oc-3bc">
         <name>.const:$P$T2$3</name>
         <load_address>0xbd48</load_address>
         <run_address>0xbd48</run_address>
         <size>0x4</size>
         <input_file_ref idref="fl-1f"/>
      </object_component>
      <object_component id="oc-3d1">
         <name>.const:$P$T3$4</name>
         <load_address>0xbd4c</load_address>
         <run_address>0xbd4c</run_address>
         <size>0x4</size>
         <input_file_ref idref="fl-1f"/>
      </object_component>
      <object_component id="oc-377">
         <name>.const:_SlAcceptCmdCtrl</name>
         <load_address>0xbd50</load_address>
         <run_address>0xbd50</run_address>
         <size>0x4</size>
         <input_file_ref idref="fl-18"/>
      </object_component>
      <object_component id="oc-3a3">
         <name>.const:_SlDeviceGetCmdCtrl</name>
         <load_address>0xbd54</load_address>
         <run_address>0xbd54</run_address>
         <size>0x4</size>
         <input_file_ref idref="fl-10"/>
      </object_component>
      <object_component id="oc-3a6">
         <name>.const:_SlDeviceSetCmdCtrl</name>
         <load_address>0xbd58</load_address>
         <run_address>0xbd58</run_address>
         <size>0x4</size>
         <input_file_ref idref="fl-10"/>
      </object_component>
      <object_component id="oc-3a0">
         <name>.const:_SlEventMaskGetCmdCtrl</name>
         <load_address>0xbd5c</load_address>
         <run_address>0xbd5c</run_address>
         <size>0x4</size>
         <input_file_ref idref="fl-10"/>
      </object_component>
      <object_component id="oc-39d">
         <name>.const:_SlEventMaskSetCmdCtrl</name>
         <load_address>0xbd60</load_address>
         <run_address>0xbd60</run_address>
         <size>0x4</size>
         <input_file_ref idref="fl-10"/>
      </object_component>
      <object_component id="oc-33f">
         <name>.const:_SlGetHostByNameCtrl</name>
         <load_address>0xbd64</load_address>
         <run_address>0xbd64</run_address>
         <size>0x4</size>
         <input_file_ref idref="fl-15"/>
      </object_component>
      <object_component id="oc-33c">
         <name>.const:_SlGetHostByServiceCtrl</name>
         <load_address>0xbd68</load_address>
         <run_address>0xbd68</run_address>
         <size>0x4</size>
         <input_file_ref idref="fl-15"/>
      </object_component>
      <object_component id="oc-333">
         <name>.const:_SlGetServiceListeCtrl</name>
         <load_address>0xbd6c</load_address>
         <run_address>0xbd6c</run_address>
         <size>0x4</size>
         <input_file_ref idref="fl-15"/>
      </object_component>
      <object_component id="oc-380">
         <name>.const:_SlGetSockOptCmdCtrl</name>
         <load_address>0xbd70</load_address>
         <run_address>0xbd70</run_address>
         <size>0x4</size>
         <input_file_ref idref="fl-18"/>
      </object_component>
      <object_component id="oc-374">
         <name>.const:_SlListenCmdCtrl</name>
         <load_address>0xbd74</load_address>
         <run_address>0xbd74</run_address>
         <size>0x4</size>
         <input_file_ref idref="fl-18"/>
      </object_component>
      <object_component id="oc-34b">
         <name>.const:_SlNetAppGetCmdCtrl</name>
         <load_address>0xbd78</load_address>
         <run_address>0xbd78</run_address>
         <size>0x4</size>
         <input_file_ref idref="fl-15"/>
      </object_component>
      <object_component id="oc-348">
         <name>.const:_SlNetAppSendTokenValueCmdCtrl</name>
         <load_address>0xbd7c</load_address>
         <run_address>0xbd7c</run_address>
         <size>0x4</size>
         <input_file_ref idref="fl-15"/>
      </object_component>
      <object_component id="oc-345">
         <name>.const:_SlNetAppSetCmdCtrl</name>
         <load_address>0xbd80</load_address>
         <run_address>0xbd80</run_address>
         <size>0x4</size>
         <input_file_ref idref="fl-15"/>
      </object_component>
      <object_component id="oc-32d">
         <name>.const:_SlNetAppStartCtrl</name>
         <load_address>0xbd84</load_address>
         <run_address>0xbd84</run_address>
         <size>0x4</size>
         <input_file_ref idref="fl-15"/>
      </object_component>
      <object_component id="oc-330">
         <name>.const:_SlNetAppStopCtrl</name>
         <load_address>0xbd88</load_address>
         <run_address>0xbd88</run_address>
         <size>0x4</size>
         <input_file_ref idref="fl-15"/>
      </object_component>
      <object_component id="oc-403">
         <name>.const:_SlNetCfgGetCmdCtrl</name>
         <load_address>0xbd8c</load_address>
         <run_address>0xbd8c</run_address>
         <size>0x4</size>
         <input_file_ref idref="fl-16"/>
      </object_component>
      <object_component id="oc-400">
         <name>.const:_SlNetCfgSetCmdCtrl</name>
         <load_address>0xbd90</load_address>
         <run_address>0xbd90</run_address>
         <size>0x4</size>
         <input_file_ref idref="fl-16"/>
      </object_component>
      <object_component id="oc-3b9">
         <name>.const:_SlPolicyGetCmdCtrl</name>
         <load_address>0xbd94</load_address>
         <run_address>0xbd94</run_address>
         <size>0x4</size>
         <input_file_ref idref="fl-1f"/>
      </object_component>
      <object_component id="oc-3b6">
         <name>.const:_SlPolicySetCmdCtrl</name>
         <load_address>0xbd98</load_address>
         <run_address>0xbd98</run_address>
         <size>0x4</size>
         <input_file_ref idref="fl-1f"/>
      </object_component>
      <object_component id="oc-3c2">
         <name>.const:_SlProfileDelCmdCtrl</name>
         <load_address>0xbd9c</load_address>
         <run_address>0xbd9c</run_address>
         <size>0x4</size>
         <input_file_ref idref="fl-1f"/>
      </object_component>
      <object_component id="oc-3bf">
         <name>.const:_SlProfileGetCmdCtrl</name>
         <load_address>0xbda0</load_address>
         <run_address>0xbda0</run_address>
         <size>0x4</size>
         <input_file_ref idref="fl-1f"/>
      </object_component>
      <object_component id="oc-37a">
         <name>.const:_SlRecvCmdCtrl</name>
         <load_address>0xbda4</load_address>
         <run_address>0xbda4</run_address>
         <size>0x4</size>
         <input_file_ref idref="fl-18"/>
      </object_component>
      <object_component id="oc-36b">
         <name>.const:_SlRecvfomCmdCtrl</name>
         <load_address>0xbda8</load_address>
         <run_address>0xbda8</run_address>
         <size>0x4</size>
         <input_file_ref idref="fl-18"/>
      </object_component>
      <object_component id="oc-336">
         <name>.const:_SlRegisterServiceCtrl</name>
         <load_address>0xbdac</load_address>
         <run_address>0xbdac</run_address>
         <size>0x4</size>
         <input_file_ref idref="fl-15"/>
      </object_component>
      <object_component id="oc-3c8">
         <name>.const:_SlRxFilterAddtCmdCtrl</name>
         <load_address>0xbdb0</load_address>
         <run_address>0xbdb0</run_address>
         <size>0x4</size>
         <input_file_ref idref="fl-1f"/>
      </object_component>
      <object_component id="oc-3ce">
         <name>.const:_SlRxFilterGetCmdCtrl</name>
         <load_address>0xbdb4</load_address>
         <run_address>0xbdb4</run_address>
         <size>0x4</size>
         <input_file_ref idref="fl-1f"/>
      </object_component>
      <object_component id="oc-3cb">
         <name>.const:_SlRxFilterSetCmdCtrl</name>
         <load_address>0xbdb8</load_address>
         <run_address>0xbdb8</run_address>
         <size>0x4</size>
         <input_file_ref idref="fl-1f"/>
      </object_component>
      <object_component id="oc-383">
         <name>.const:_SlSelectCmdCtrl</name>
         <load_address>0xbdbc</load_address>
         <run_address>0xbdbc</run_address>
         <size>0x4</size>
         <input_file_ref idref="fl-18"/>
      </object_component>
      <object_component id="oc-371">
         <name>.const:_SlSendCmdCtrl</name>
         <load_address>0xbdc0</load_address>
         <run_address>0xbdc0</run_address>
         <size>0x4</size>
         <input_file_ref idref="fl-18"/>
      </object_component>
      <object_component id="oc-37d">
         <name>.const:_SlSetSockOptCmdCtrl</name>
         <load_address>0xbdc4</load_address>
         <run_address>0xbdc4</run_address>
         <size>0x4</size>
         <input_file_ref idref="fl-18"/>
      </object_component>
      <object_component id="oc-3d4">
         <name>.const:_SlSmartConfigStartCmdCtrl</name>
         <load_address>0xbdc8</load_address>
         <run_address>0xbdc8</run_address>
         <size>0x4</size>
         <input_file_ref idref="fl-1f"/>
      </object_component>
      <object_component id="oc-362">
         <name>.const:_SlSockCloseCmdCtrl</name>
         <load_address>0xbdcc</load_address>
         <run_address>0xbdcc</run_address>
         <size>0x4</size>
         <input_file_ref idref="fl-18"/>
      </object_component>
      <object_component id="oc-35f">
         <name>.const:_SlSockSocketCmdCtrl</name>
         <load_address>0xbdd0</load_address>
         <run_address>0xbdd0</run_address>
         <size>0x4</size>
         <input_file_ref idref="fl-18"/>
      </object_component>
      <object_component id="oc-39a">
         <name>.const:_SlStopCmdCtrl</name>
         <load_address>0xbdd4</load_address>
         <run_address>0xbdd4</run_address>
         <size>0x4</size>
         <input_file_ref idref="fl-10"/>
      </object_component>
      <object_component id="oc-3dd">
         <name>.const:_SlWlanCfgGetCmdCtrl</name>
         <load_address>0xbdd8</load_address>
         <run_address>0xbdd8</run_address>
         <size>0x4</size>
         <input_file_ref idref="fl-1f"/>
      </object_component>
      <object_component id="oc-3da">
         <name>.const:_SlWlanCfgSetCmdCtrl</name>
         <load_address>0xbddc</load_address>
         <run_address>0xbddc</run_address>
         <size>0x4</size>
         <input_file_ref idref="fl-1f"/>
      </object_component>
      <object_component id="oc-3c5">
         <name>.const:_SlWlanGetNetworkListCtrl</name>
         <load_address>0xbde0</load_address>
         <run_address>0xbde0</run_address>
         <size>0x4</size>
         <input_file_ref idref="fl-1f"/>
      </object_component>
      <object_component id="oc-3d7">
         <name>.const:_SlWlanSetModeCmdCtrl</name>
         <load_address>0xbde4</load_address>
         <run_address>0xbde4</run_address>
         <size>0x4</size>
         <input_file_ref idref="fl-1f"/>
      </object_component>
      <object_component id="oc-12e">
         <name>.const</name>
         <load_address>0xbde8</load_address>
         <run_address>0xbde8</run_address>
         <size>0x4</size>
         <input_file_ref idref="fl-1d"/>
      </object_component>
      <object_component id="oc-58f">
         <name>.cinit..data.load</name>
         <load_address>0x14ea0</load_address>
         <run_address>0x14ea0</run_address>
         <size>0x34</size>
      </object_component>
      <object_component id="oc-58d">
         <name>__TI_handler_table</name>
         <load_address>0x14ed4</load_address>
         <run_address>0x14ed4</run_address>
         <size>0xc</size>
      </object_component>
      <object_component id="oc-590">
         <name>.cinit..bss.load</name>
         <load_address>0x14ee0</load_address>
         <run_address>0x14ee0</run_address>
         <size>0x8</size>
      </object_component>
      <object_component id="oc-58e">
         <name>__TI_cinit_table</name>
         <load_address>0x14ee8</load_address>
         <run_address>0x14ee8</run_address>
         <size>0x10</size>
      </object_component>
      <object_component id="oc-2f6">
         <name>.data</name>
         <load_address>0x200012f8</load_address>
         <run_address>0x200012f8</run_address>
         <size>0x4</size>
         <input_file_ref idref="fl-5"/>
      </object_component>
      <object_component id="oc-300">
         <name>.data</name>
         <load_address>0x200012b0</load_address>
         <run_address>0x200012b0</run_address>
         <size>0x14</size>
         <input_file_ref idref="fl-8"/>
      </object_component>
      <object_component id="oc-157">
         <name>.data</name>
         <load_address>0x200012fc</load_address>
         <run_address>0x200012fc</run_address>
         <size>0x4</size>
         <input_file_ref idref="fl-a"/>
      </object_component>
      <object_component id="oc-a1">
         <name>.data</name>
         <load_address>0x20001300</load_address>
         <run_address>0x20001300</run_address>
         <size>0x4</size>
         <input_file_ref idref="fl-c"/>
      </object_component>
      <object_component id="oc-e8">
         <name>.data</name>
         <load_address>0x20001304</load_address>
         <run_address>0x20001304</run_address>
         <size>0x4</size>
         <input_file_ref idref="fl-f"/>
      </object_component>
      <object_component id="oc-339">
         <name>.data</name>
         <load_address>0x200012e8</load_address>
         <run_address>0x200012e8</run_address>
         <size>0x8</size>
         <input_file_ref idref="fl-11"/>
      </object_component>
      <object_component id="oc-222">
         <name>.data</name>
         <load_address>0x20001260</load_address>
         <run_address>0x20001260</run_address>
         <size>0x2c</size>
         <input_file_ref idref="fl-14"/>
      </object_component>
      <object_component id="oc-123">
         <name>.data</name>
         <load_address>0x200012f0</load_address>
         <run_address>0x200012f0</run_address>
         <size>0x5</size>
         <input_file_ref idref="fl-1d"/>
      </object_component>
      <object_component id="oc-18c">
         <name>.data:$O1$$</name>
         <load_address>0x200012d4</load_address>
         <run_address>0x200012d4</run_address>
         <size>0xc</size>
         <input_file_ref idref="fl-de"/>
      </object_component>
      <object_component id="oc-50c">
         <name>.data:local_tm</name>
         <load_address>0x2000128c</load_address>
         <run_address>0x2000128c</run_address>
         <size>0x24</size>
         <input_file_ref idref="fl-e3"/>
      </object_component>
      <object_component id="oc-99">
         <name>.data</name>
         <load_address>0x20001308</load_address>
         <run_address>0x20001308</run_address>
         <size>0x4</size>
         <input_file_ref idref="fl-e9"/>
      </object_component>
      <object_component id="oc-509">
         <name>.data:_tz</name>
         <load_address>0x200012c4</load_address>
         <run_address>0x200012c4</run_address>
         <size>0x10</size>
         <input_file_ref idref="fl-ec"/>
      </object_component>
      <object_component id="oc-18f">
         <name>.data:$O1$$</name>
         <load_address>0x200012e0</load_address>
         <run_address>0x200012e0</run_address>
         <size>0x8</size>
         <input_file_ref idref="fl-ee"/>
      </object_component>
      <object_component id="oc-2fa">
         <name>.bss</name>
         <uninitialized>true</uninitialized>
         <run_address>0x20000de8</run_address>
         <size>0x4</size>
         <input_file_ref idref="fl-8"/>
      </object_component>
      <object_component id="oc-3f6">
         <name>.common:ADCvalue</name>
         <uninitialized>true</uninitialized>
         <run_address>0x20000dec</run_address>
         <size>0x4</size>
      </object_component>
      <object_component id="oc-2ec">
         <name>.common:prevX</name>
         <uninitialized>true</uninitialized>
         <run_address>0x20000e44</run_address>
         <size>0x4</size>
      </object_component>
      <object_component id="oc-2ef">
         <name>.common:prevY</name>
         <uninitialized>true</uninitialized>
         <run_address>0x20000e4c</run_address>
         <size>0x4</size>
      </object_component>
      <object_component id="oc-2f0">
         <name>.common:prevXH</name>
         <uninitialized>true</uninitialized>
         <run_address>0x20000e48</run_address>
         <size>0x4</size>
      </object_component>
      <object_component id="oc-2f1">
         <name>.common:prevYH</name>
         <uninitialized>true</uninitialized>
         <run_address>0x20000e50</run_address>
         <size>0x4</size>
      </object_component>
      <object_component id="oc-2f2">
         <name>.common:memH</name>
         <uninitialized>true</uninitialized>
         <run_address>0x20000e34</run_address>
         <size>0x4</size>
      </object_component>
      <object_component id="oc-2f3">
         <name>.common:memM</name>
         <uninitialized>true</uninitialized>
         <run_address>0x20000e38</run_address>
         <size>0x4</size>
      </object_component>
      <object_component id="oc-2f4">
         <name>.common:s_memH</name>
         <uninitialized>true</uninitialized>
         <run_address>0x20000e54</run_address>
         <size>0x4</size>
      </object_component>
      <object_component id="oc-2f5">
         <name>.common:s_memM</name>
         <uninitialized>true</uninitialized>
         <run_address>0x20000e58</run_address>
         <size>0x4</size>
      </object_component>
      <object_component id="oc-312">
         <name>.common:Message</name>
         <uninitialized>true</uninitialized>
         <run_address>0x20000ddc</run_address>
         <size>0xc</size>
      </object_component>
      <object_component id="oc-313">
         <name>.common:Messageindex</name>
         <uninitialized>true</uninitialized>
         <run_address>0x20000df8</run_address>
         <size>0x4</size>
      </object_component>
      <object_component id="oc-314">
         <name>.common:Ymax</name>
         <uninitialized>true</uninitialized>
         <run_address>0x20000e20</run_address>
         <size>0x4</size>
      </object_component>
      <object_component id="oc-315">
         <name>.common:Ymin</name>
         <uninitialized>true</uninitialized>
         <run_address>0x20000e24</run_address>
         <size>0x4</size>
      </object_component>
      <object_component id="oc-317">
         <name>.common:X</name>
         <uninitialized>true</uninitialized>
         <run_address>0x20000e1c</run_address>
         <size>0x4</size>
      </object_component>
      <object_component id="oc-316">
         <name>.common:Yrange</name>
         <uninitialized>true</uninitialized>
         <run_address>0x20000e28</run_address>
         <size>0x4</size>
      </object_component>
      <object_component id="oc-152">
         <name>.common:buff</name>
         <uninitialized>true</uninitialized>
         <run_address>0x20000e2c</run_address>
         <size>0x4</size>
      </object_component>
      <object_component id="oc-153">
         <name>.common:counter</name>
         <uninitialized>true</uninitialized>
         <run_address>0x20000e30</run_address>
         <size>0x4</size>
      </object_component>
      <object_component id="oc-151">
         <name>.common:pointer</name>
         <uninitialized>true</uninitialized>
         <run_address>0x20000e40</run_address>
         <size>0x4</size>
      </object_component>
      <object_component id="oc-14e">
         <name>.common:note</name>
         <uninitialized>true</uninitialized>
         <run_address>0x20000e3c</run_address>
         <size>0x4</size>
      </object_component>
      <object_component id="oc-f4">
         <name>.common:PeriodicTask</name>
         <uninitialized>true</uninitialized>
         <run_address>0x20000dfc</run_address>
         <size>0x4</size>
      </object_component>
      <object_component id="oc-f7">
         <name>.common:SW1</name>
         <uninitialized>true</uninitialized>
         <run_address>0x20000e00</run_address>
         <size>0x4</size>
      </object_component>
      <object_component id="oc-f8">
         <name>.common:SW2</name>
         <uninitialized>true</uninitialized>
         <run_address>0x20000e04</run_address>
         <size>0x4</size>
      </object_component>
      <object_component id="oc-f9">
         <name>.common:SW3</name>
         <uninitialized>true</uninitialized>
         <run_address>0x20000e08</run_address>
         <size>0x4</size>
      </object_component>
      <object_component id="oc-fa">
         <name>.common:SW4</name>
         <uninitialized>true</uninitialized>
         <run_address>0x20000e0c</run_address>
         <size>0x4</size>
      </object_component>
      <object_component id="oc-9e">
         <name>.common:TimeTask</name>
         <uninitialized>true</uninitialized>
         <run_address>0x20000e18</run_address>
         <size>0x4</size>
      </object_component>
      <object_component id="oc-eb">
         <name>.common:IntIsMasked</name>
         <uninitialized>true</uninitialized>
         <run_address>0x20000e5c</run_address>
         <size>0x1</size>
      </object_component>
      <object_component id="oc-442">
         <name>.common:g_StatMem</name>
         <uninitialized>true</uninitialized>
         <run_address>0x20000c00</run_address>
         <size>0x164</size>
      </object_component>
      <object_component id="oc-266">
         <name>.common:Recvbuff</name>
         <uninitialized>true</uninitialized>
         <run_address>0x20000000</run_address>
         <size>0x400</size>
      </object_component>
      <object_component id="oc-265">
         <name>.common:SendBuff</name>
         <uninitialized>true</uninitialized>
         <run_address>0x20000800</run_address>
         <size>0x200</size>
      </object_component>
      <object_component id="oc-25d">
         <name>.common:HostName</name>
         <uninitialized>true</uninitialized>
         <run_address>0x20000d64</run_address>
         <size>0x28</size>
      </object_component>
      <object_component id="oc-25e">
         <name>.common:DestinationIP</name>
         <uninitialized>true</uninitialized>
         <run_address>0x20000df0</run_address>
         <size>0x4</size>
      </object_component>
      <object_component id="oc-25b">
         <name>.common:SockID</name>
         <uninitialized>true</uninitialized>
         <run_address>0x20000e10</run_address>
         <size>0x4</size>
      </object_component>
      <object_component id="oc-25c">
         <name>.common:Recvbuff1</name>
         <uninitialized>true</uninitialized>
         <run_address>0x20000400</run_address>
         <size>0x400</size>
      </object_component>
      <object_component id="oc-242">
         <name>.common:SendBuff1</name>
         <uninitialized>true</uninitialized>
         <run_address>0x20000a00</run_address>
         <size>0x200</size>
      </object_component>
      <object_component id="oc-23d">
         <name>.common:HostName1</name>
         <uninitialized>true</uninitialized>
         <run_address>0x20000d8c</run_address>
         <size>0x28</size>
      </object_component>
      <object_component id="oc-240">
         <name>.common:DestinationIP1</name>
         <uninitialized>true</uninitialized>
         <run_address>0x20000df4</run_address>
         <size>0x4</size>
      </object_component>
      <object_component id="oc-241">
         <name>.common:SockID1</name>
         <uninitialized>true</uninitialized>
         <run_address>0x20000e14</run_address>
         <size>0x4</size>
      </object_component>
      <object_component id="oc-3e7">
         <name>.common:g__SlNonOsCB</name>
         <uninitialized>true</uninitialized>
         <run_address>0x20000db4</run_address>
         <size>0x28</size>
      </object_component>
      <object_component id="oc-2a">
         <name>.stack</name>
         <uninitialized>true</uninitialized>
         <run_address>0x20000e60</run_address>
         <size>0x0</size>
         <input_file_ref idref="fl-da"/>
      </object_component>
      <object_component id="oc-591">
         <name>.stack</name>
         <uninitialized>true</uninitialized>
         <run_address>0x20000e60</run_address>
         <size>0x0</size>
      </object_component>
      <object_component id="oc-260">
         <name>.debug_info</name>
         <load_address>0x0</load_address>
         <run_address>0x0</run_address>
         <size>0x1ae</size>
         <input_file_ref idref="fl-2"/>
      </object_component>
      <object_component id="oc-5e">
         <name>.debug_info</name>
         <load_address>0x1ae</load_address>
         <run_address>0x1ae</run_address>
         <size>0x84</size>
         <input_file_ref idref="fl-2"/>
      </object_component>
      <object_component id="oc-132">
         <name>.debug_info</name>
         <load_address>0x232</load_address>
         <run_address>0x232</run_address>
         <size>0x18b</size>
         <input_file_ref idref="fl-2"/>
      </object_component>
      <object_component id="oc-3f7">
         <name>.debug_info</name>
         <load_address>0x3bd</load_address>
         <run_address>0x3bd</run_address>
         <size>0x354</size>
         <input_file_ref idref="fl-3"/>
      </object_component>
      <object_component id="oc-258">
         <name>.debug_info</name>
         <load_address>0x711</load_address>
         <run_address>0x711</run_address>
         <size>0x509</size>
         <input_file_ref idref="fl-3"/>
      </object_component>
      <object_component id="oc-3fa">
         <name>.debug_info</name>
         <load_address>0xc1a</load_address>
         <run_address>0xc1a</run_address>
         <size>0x189</size>
         <input_file_ref idref="fl-3"/>
      </object_component>
      <object_component id="oc-16d">
         <name>.debug_info</name>
         <load_address>0xda3</load_address>
         <run_address>0xda3</run_address>
         <size>0x2c</size>
         <input_file_ref idref="fl-3"/>
      </object_component>
      <object_component id="oc-31c">
         <name>.debug_info</name>
         <load_address>0xdcf</load_address>
         <run_address>0xdcf</run_address>
         <size>0x51</size>
         <input_file_ref idref="fl-3"/>
      </object_component>
      <object_component id="oc-145">
         <name>.debug_info</name>
         <load_address>0xe20</load_address>
         <run_address>0xe20</run_address>
         <size>0x15e</size>
         <input_file_ref idref="fl-4"/>
      </object_component>
      <object_component id="oc-2ed">
         <name>.debug_info</name>
         <load_address>0xf7e</load_address>
         <run_address>0xf7e</run_address>
         <size>0x53d</size>
         <input_file_ref idref="fl-5"/>
      </object_component>
      <object_component id="oc-2e4">
         <name>.debug_info</name>
         <load_address>0x14bb</load_address>
         <run_address>0x14bb</run_address>
         <size>0xd6</size>
         <input_file_ref idref="fl-5"/>
      </object_component>
      <object_component id="oc-2ea">
         <name>.debug_info</name>
         <load_address>0x1591</load_address>
         <run_address>0x1591</run_address>
         <size>0xd5</size>
         <input_file_ref idref="fl-5"/>
      </object_component>
      <object_component id="oc-2e7">
         <name>.debug_info</name>
         <load_address>0x1666</load_address>
         <run_address>0x1666</run_address>
         <size>0xd5</size>
         <input_file_ref idref="fl-5"/>
      </object_component>
      <object_component id="oc-2f7">
         <name>.debug_info</name>
         <load_address>0x173b</load_address>
         <run_address>0x173b</run_address>
         <size>0xd7</size>
         <input_file_ref idref="fl-5"/>
      </object_component>
      <object_component id="oc-218">
         <name>.debug_info</name>
         <load_address>0x1812</load_address>
         <run_address>0x1812</run_address>
         <size>0xbfe</size>
         <input_file_ref idref="fl-5"/>
      </object_component>
      <object_component id="oc-211">
         <name>.debug_info</name>
         <load_address>0x2410</load_address>
         <run_address>0x2410</run_address>
         <size>0x346</size>
         <input_file_ref idref="fl-6"/>
      </object_component>
      <object_component id="oc-1e9">
         <name>.debug_info</name>
         <load_address>0x2756</load_address>
         <run_address>0x2756</run_address>
         <size>0x399</size>
         <input_file_ref idref="fl-8"/>
      </object_component>
      <object_component id="oc-301">
         <name>.debug_info</name>
         <load_address>0x2aef</load_address>
         <run_address>0x2aef</run_address>
         <size>0x163</size>
         <input_file_ref idref="fl-8"/>
      </object_component>
      <object_component id="oc-310">
         <name>.debug_info</name>
         <load_address>0x2c52</load_address>
         <run_address>0x2c52</run_address>
         <size>0xce</size>
         <input_file_ref idref="fl-8"/>
      </object_component>
      <object_component id="oc-2fb">
         <name>.debug_info</name>
         <load_address>0x2d20</load_address>
         <run_address>0x2d20</run_address>
         <size>0x13a</size>
         <input_file_ref idref="fl-8"/>
      </object_component>
      <object_component id="oc-2fe">
         <name>.debug_info</name>
         <load_address>0x2e5a</load_address>
         <run_address>0x2e5a</run_address>
         <size>0xcf</size>
         <input_file_ref idref="fl-8"/>
      </object_component>
      <object_component id="oc-304">
         <name>.debug_info</name>
         <load_address>0x2f29</load_address>
         <run_address>0x2f29</run_address>
         <size>0xd1</size>
         <input_file_ref idref="fl-8"/>
      </object_component>
      <object_component id="oc-307">
         <name>.debug_info</name>
         <load_address>0x2ffa</load_address>
         <run_address>0x2ffa</run_address>
         <size>0xdb</size>
         <input_file_ref idref="fl-8"/>
      </object_component>
      <object_component id="oc-30a">
         <name>.debug_info</name>
         <load_address>0x30d5</load_address>
         <run_address>0x30d5</run_address>
         <size>0xd7</size>
         <input_file_ref idref="fl-8"/>
      </object_component>
      <object_component id="oc-30d">
         <name>.debug_info</name>
         <load_address>0x31ac</load_address>
         <run_address>0x31ac</run_address>
         <size>0xd1</size>
         <input_file_ref idref="fl-8"/>
      </object_component>
      <object_component id="oc-319">
         <name>.debug_info</name>
         <load_address>0x327d</load_address>
         <run_address>0x327d</run_address>
         <size>0xd0</size>
         <input_file_ref idref="fl-8"/>
      </object_component>
      <object_component id="oc-21d">
         <name>.debug_info</name>
         <load_address>0x334d</load_address>
         <run_address>0x334d</run_address>
         <size>0x20f2</size>
         <input_file_ref idref="fl-8"/>
      </object_component>
      <object_component id="oc-2a6">
         <name>.debug_info</name>
         <load_address>0x543f</load_address>
         <run_address>0x543f</run_address>
         <size>0xc8</size>
         <input_file_ref idref="fl-8"/>
      </object_component>
      <object_component id="oc-13d">
         <name>.debug_info</name>
         <load_address>0x5507</load_address>
         <run_address>0x5507</run_address>
         <size>0x4e</size>
         <input_file_ref idref="fl-8"/>
      </object_component>
      <object_component id="oc-417">
         <name>.debug_info</name>
         <load_address>0x5555</load_address>
         <run_address>0x5555</run_address>
         <size>0x2f0</size>
         <input_file_ref idref="fl-9"/>
      </object_component>
      <object_component id="oc-2ca">
         <name>.debug_info</name>
         <load_address>0x5845</load_address>
         <run_address>0x5845</run_address>
         <size>0x386</size>
         <input_file_ref idref="fl-9"/>
      </object_component>
      <object_component id="oc-14f">
         <name>.debug_info</name>
         <load_address>0x5bcb</load_address>
         <run_address>0x5bcb</run_address>
         <size>0x35f</size>
         <input_file_ref idref="fl-a"/>
      </object_component>
      <object_component id="oc-155">
         <name>.debug_info</name>
         <load_address>0x5f2a</load_address>
         <run_address>0x5f2a</run_address>
         <size>0xd0</size>
         <input_file_ref idref="fl-a"/>
      </object_component>
      <object_component id="oc-158">
         <name>.debug_info</name>
         <load_address>0x5ffa</load_address>
         <run_address>0x5ffa</run_address>
         <size>0xd4</size>
         <input_file_ref idref="fl-a"/>
      </object_component>
      <object_component id="oc-4b">
         <name>.debug_info</name>
         <load_address>0x60ce</load_address>
         <run_address>0x60ce</run_address>
         <size>0x34d</size>
         <input_file_ref idref="fl-a"/>
      </object_component>
      <object_component id="oc-f5">
         <name>.debug_info</name>
         <load_address>0x641b</load_address>
         <run_address>0x641b</run_address>
         <size>0x300</size>
         <input_file_ref idref="fl-b"/>
      </object_component>
      <object_component id="oc-41">
         <name>.debug_info</name>
         <load_address>0x671b</load_address>
         <run_address>0x671b</run_address>
         <size>0x201</size>
         <input_file_ref idref="fl-b"/>
      </object_component>
      <object_component id="oc-9f">
         <name>.debug_info</name>
         <load_address>0x691c</load_address>
         <run_address>0x691c</run_address>
         <size>0x27f</size>
         <input_file_ref idref="fl-c"/>
      </object_component>
      <object_component id="oc-a2">
         <name>.debug_info</name>
         <load_address>0x6b9b</load_address>
         <run_address>0x6b9b</run_address>
         <size>0xd4</size>
         <input_file_ref idref="fl-c"/>
      </object_component>
      <object_component id="oc-33">
         <name>.debug_info</name>
         <load_address>0x6c6f</load_address>
         <run_address>0x6c6f</run_address>
         <size>0x23d</size>
         <input_file_ref idref="fl-c"/>
      </object_component>
      <object_component id="oc-14a">
         <name>.debug_info</name>
         <load_address>0x6eac</load_address>
         <run_address>0x6eac</run_address>
         <size>0x185</size>
         <input_file_ref idref="fl-d"/>
      </object_component>
      <object_component id="oc-51">
         <name>.debug_info</name>
         <load_address>0x7031</load_address>
         <run_address>0x7031</run_address>
         <size>0x172</size>
         <input_file_ref idref="fl-e"/>
      </object_component>
      <object_component id="oc-ec">
         <name>.debug_info</name>
         <load_address>0x71a3</load_address>
         <run_address>0x71a3</run_address>
         <size>0x741</size>
         <input_file_ref idref="fl-f"/>
      </object_component>
      <object_component id="oc-e9">
         <name>.debug_info</name>
         <load_address>0x78e4</load_address>
         <run_address>0x78e4</run_address>
         <size>0x123</size>
         <input_file_ref idref="fl-f"/>
      </object_component>
      <object_component id="oc-38">
         <name>.debug_info</name>
         <load_address>0x7a07</load_address>
         <run_address>0x7a07</run_address>
         <size>0xc6d</size>
         <input_file_ref idref="fl-f"/>
      </object_component>
      <object_component id="oc-27b">
         <name>.debug_info</name>
         <load_address>0x8674</load_address>
         <run_address>0x8674</run_address>
         <size>0x2c6</size>
         <input_file_ref idref="fl-f"/>
      </object_component>
      <object_component id="oc-271">
         <name>.debug_info</name>
         <load_address>0x893a</load_address>
         <run_address>0x893a</run_address>
         <size>0x738</size>
         <input_file_ref idref="fl-f"/>
      </object_component>
      <object_component id="oc-1ba">
         <name>.debug_info</name>
         <load_address>0x9072</load_address>
         <run_address>0x9072</run_address>
         <size>0x5e7</size>
         <input_file_ref idref="fl-f"/>
      </object_component>
      <object_component id="oc-276">
         <name>.debug_info</name>
         <load_address>0x9659</load_address>
         <run_address>0x9659</run_address>
         <size>0x92b</size>
         <input_file_ref idref="fl-f"/>
[...]
      </symbol>
      <symbol id="sm-b03">
         <name>UARTgets</name>
         <value>0x12a61</value>
         <object_component_ref idref="oc-43"/>
      </symbol>
      <symbol id="sm-b04">
         <name>UARTStdioConfig</name>
         <value>0x129d5</value>
         <object_component_ref idref="oc-43"/>
      </symbol>
      <symbol id="sm-b05">
         <name>UARTStdioIntHandler</name>
         <value>0x12e5f</value>
         <object_component_ref idref="oc-43"/>
      </symbol>
      <symbol id="sm-b06">
         <name>UARTwrite</name>
         <value>0x12a1b</value>
         <object_component_ref idref="oc-43"/>
      </symbol>
      <symbol id="sm-b07">
         <name>UARTprintf</name>
         <value>0x12e3b</value>
         <object_component_ref idref="oc-43"/>
      </symbol>
      <symbol id="sm-b08">
         <name>UARTvprintf</name>
         <value>0x12b41</value>
         <object_component_ref idref="oc-43"/>
      </symbol>
      <symbol id="sm-c08">
         <name>sl_WlanSmartConfigStop</name>
         <value>0x11cf3</value>
         <object_component_ref idref="oc-249"/>
      </symbol>
      <symbol id="sm-c09">
         <name>sl_WlanProfileAdd</name>
         <value>0x117b1</value>
         <object_component_ref idref="oc-249"/>
      </symbol>
      <symbol id="sm-c0a">
         <name>sl_WlanDisconnect</name>
         <value>0x116a1</value>
         <object_component_ref idref="oc-249"/>
      </symbol>
      <symbol id="sm-c0b">
         <name>_SlPolicyGetCmdCtrl</name>
         <value>0xbd94</value>
         <object_component_ref idref="oc-3b9"/>
      </symbol>
      <symbol id="sm-c0c">
         <name>_SlPolicySetCmdCtrl</name>
         <value>0xbd98</value>
         <object_component_ref idref="oc-3b6"/>
      </symbol>
      <symbol id="sm-c0d">
         <name>_SlRxFilterGetCmdCtrl</name>
         <value>0xbdb4</value>
         <object_component_ref idref="oc-3ce"/>
      </symbol>
      <symbol id="sm-c0e">
         <name>_SlRxFilterSetCmdCtrl</name>
         <value>0xbdb8</value>
         <object_component_ref idref="oc-3cb"/>
      </symbol>
      <symbol id="sm-c0f">
         <name>sl_WlanRxFilterGet</name>
         <value>0x11c37</value>
         <object_component_ref idref="oc-249"/>
      </symbol>
      <symbol id="sm-c10">
         <name>_SlProfileGetCmdCtrl</name>
         <value>0xbda0</value>
         <object_component_ref idref="oc-3bf"/>
      </symbol>
      <symbol id="sm-c11">
         <name>sl_WlanRxStatGet</name>
         <value>0x11cc1</value>
         <object_component_ref idref="oc-249"/>
      </symbol>
      <symbol id="sm-c12">
         <name>_SlWlanGetNetworkListCtrl</name>
         <value>0xbde0</value>
         <object_component_ref idref="oc-3c5"/>
      </symbol>
      <symbol id="sm-c13">
         <name>sl_WlanPolicySet</name>
         <value>0x116ad</value>
         <object_component_ref idref="oc-249"/>
      </symbol>
      <symbol id="sm-c14">
         <name>_SlProfileDelCmdCtrl</name>
         <value>0xbd9c</value>
         <object_component_ref idref="oc-3c2"/>
      </symbol>
      <symbol id="sm-c15">
         <name>sl_WlanRxStatStart</name>
         <value>0x11ca9</value>
         <object_component_ref idref="oc-249"/>
      </symbol>
      <symbol id="sm-c16">
         <name>sl_WlanProfileGet</name>
         <value>0x11a11</value>
         <object_component_ref idref="oc-249"/>
      </symbol>
      <symbol id="sm-c17">
         <name>_SlWlanSetModeCmdCtrl</name>
         <value>0xbde4</value>
         <object_component_ref idref="oc-3d7"/>
      </symbol>
      <symbol id="sm-c18">
         <name>sl_WlanPolicyGet</name>
         <value>0x11711</value>
         <object_component_ref idref="oc-249"/>
      </symbol>
      <symbol id="sm-c19">
         <name>_SlWlanCfgSetCmdCtrl</name>
         <value>0xbddc</value>
         <object_component_ref idref="oc-3da"/>
      </symbol>
      <symbol id="sm-c1a">
         <name>_SlWlanCfgGetCmdCtrl</name>
         <value>0xbdd8</value>
         <object_component_ref idref="oc-3dd"/>
      </symbol>
      <symbol id="sm-c1b">
         <name>sl_WlanGet</name>
         <value>0x11e29</value>
         <object_component_ref idref="oc-249"/>
      </symbol>
      <symbol id="sm-c1c">
         <name>sl_WlanRxStatStop</name>
         <value>0x11cb5</value>
         <object_component_ref idref="oc-249"/>
      </symbol>
      <symbol id="sm-c1d">
         <name>sl_WlanSmartConfigStart</name>
         <value>0x11d05</value>
         <object_component_ref idref="oc-249"/>
      </symbol>
      <symbol id="sm-c1e">
         <name>sl_WlanRxFilterAdd</name>
         <value>0x11b7d</value>
         <object_component_ref idref="oc-249"/>
      </symbol>
      <symbol id="sm-c1f">
         <name>sl_WlanProfileDel</name>
         <value>0x11aeb</value>
         <object_component_ref idref="oc-249"/>
      </symbol>
      <symbol id="sm-c20">
         <name>_SlRxFilterAddtCmdCtrl</name>
         <value>0xbdb0</value>
         <object_component_ref idref="oc-3c8"/>
      </symbol>
      <symbol id="sm-c21">
         <name>sl_WlanRxFilterSet</name>
         <value>0x11be7</value>
         <object_component_ref idref="oc-249"/>
      </symbol>
      <symbol id="sm-c22">
         <name>sl_WlanConnect</name>
         <value>0x11479</value>
         <object_component_ref idref="oc-249"/>
      </symbol>
      <symbol id="sm-c23">
         <name>sl_WlanSet</name>
         <value>0x11db9</value>
         <object_component_ref idref="oc-249"/>
      </symbol>
      <symbol id="sm-c24">
         <name>_SlSmartConfigStartCmdCtrl</name>
         <value>0xbdc8</value>
         <object_component_ref idref="oc-3d4"/>
      </symbol>
      <symbol id="sm-c25">
         <name>sl_WlanGetNetworkList</name>
         <value>0x11b15</value>
         <object_component_ref idref="oc-249"/>
      </symbol>
      <symbol id="sm-c26">
         <name>sl_WlanSetMode</name>
         <value>0x11d8d</value>
         <object_component_ref idref="oc-249"/>
      </symbol>
      <symbol id="sm-c37">
         <name>_c_int00</name>
         <value>0x149c1</value>
         <object_component_ref idref="oc-24"/>
      </symbol>
      <symbol id="sm-c38">
         <name>__stack</name>
         <value>0x20000e60</value>
         <object_component_ref idref="oc-2a"/>
      </symbol>
      <symbol id="sm-c56">
         <name>__TI_decompress_lzss</name>
         <value>0x148a1</value>
         <object_component_ref idref="oc-12"/>
      </symbol>
      <symbol id="sm-c6d">
         <name>__TI_decompress_none</name>
         <value>0x14e1f</value>
         <object_component_ref idref="oc-18"/>
      </symbol>
      <symbol id="sm-c7f">
         <name>__TI_zero_init</name>
         <value>0x14e45</value>
         <object_component_ref idref="oc-1e"/>
      </symbol>
      <symbol id="sm-ca0">
         <name>C$$EXIT</name>
         <value>0x14a15</value>
         <object_component_ref idref="oc-93"/>
      </symbol>
      <symbol id="sm-ca1">
         <name>abort</name>
         <value>0x14a19</value>
         <object_component_ref idref="oc-93"/>
      </symbol>
      <symbol id="sm-ca2">
         <name>exit</name>
         <value>0x14a21</value>
         <object_component_ref idref="oc-93"/>
      </symbol>
      <symbol id="sm-ca3">
         <name>__TI_dtors_ptr</name>
         <value>0x200012d8</value>
         <object_component_ref idref="oc-18c"/>
      </symbol>
      <symbol id="sm-ca4">
         <name>__TI_cleanup_ptr</name>
         <value>0x200012d4</value>
         <object_component_ref idref="oc-18c"/>
      </symbol>
      <symbol id="sm-ca5">
         <name>__TI_enable_exit_profile_output</name>
         <value>0x200012dc</value>
         <object_component_ref idref="oc-18c"/>
      </symbol>
      <symbol id="sm-cb7">
         <name>__aeabi_cdcmpeq</name>
         <value>0x14659</value>
         <object_component_ref idref="oc-2cf"/>
      </symbol>
      <symbol id="sm-cb8">
         <name>__aeabi_cdcmple</name>
         <value>0x14659</value>
         <object_component_ref idref="oc-2cf"/>
      </symbol>
      <symbol id="sm-cc3">
         <name>__aeabi_dmul</name>
         <value>0x13ead</value>
         <object_component_ref idref="oc-2d4"/>
      </symbol>
      <symbol id="sm-ccd">
         <name>__aeabi_d2iz</name>
         <value>0x14afd</value>
         <object_component_ref idref="oc-2de"/>
      </symbol>
      <symbol id="sm-cd7">
         <name>__aeabi_i2d</name>
         <value>0x14c71</value>
         <object_component_ref idref="oc-2d9"/>
      </symbol>
      <symbol id="sm-cff">
         <name>__localtime32</name>
         <value>0x137f9</value>
         <object_component_ref idref="oc-3f0"/>
      </symbol>
      <symbol id="sm-d00">
         <name>localtime</name>
         <value>0x137f9</value>
         <object_component_ref idref="oc-3f0"/>
      </symbol>
      <symbol id="sm-d1b">
         <name>memcpy</name>
         <value>0x14415</value>
         <object_component_ref idref="oc-63"/>
      </symbol>
      <symbol id="sm-d1c">
         <name>__aeabi_memcpy</name>
         <value>0x14415</value>
         <object_component_ref idref="oc-63"/>
      </symbol>
      <symbol id="sm-d1d">
         <name>__aeabi_memcpy8</name>
         <value>0x14415</value>
         <object_component_ref idref="oc-63"/>
      </symbol>
      <symbol id="sm-d1e">
         <name>__aeabi_memcpy4</name>
         <value>0x14415</value>
         <object_component_ref idref="oc-63"/>
      </symbol>
      <symbol id="sm-d2d">
         <name>__aeabi_memset</name>
         <value>0x146e1</value>
         <object_component_ref idref="oc-6f"/>
      </symbol>
      <symbol id="sm-d2e">
         <name>memset</name>
         <value>0x146e7</value>
         <object_component_ref idref="oc-6f"/>
      </symbol>
      <symbol id="sm-d2f">
         <name>__aeabi_memset8</name>
         <value>0x146e1</value>
         <object_component_ref idref="oc-6f"/>
      </symbol>
      <symbol id="sm-d30">
         <name>__aeabi_memset4</name>
         <value>0x146e1</value>
         <object_component_ref idref="oc-6f"/>
      </symbol>
      <symbol id="sm-d31">
         <name>__aeabi_memclr8</name>
         <value>0x146df</value>
         <object_component_ref idref="oc-6f"/>
      </symbol>
      <symbol id="sm-d32">
         <name>__aeabi_memclr4</name>
         <value>0x146df</value>
         <object_component_ref idref="oc-6f"/>
      </symbol>
      <symbol id="sm-d33">
         <name>__aeabi_memclr</name>
         <value>0x146df</value>
         <object_component_ref idref="oc-6f"/>
      </symbol>
      <symbol id="sm-d65">
         <name>mktime</name>
         <value>0x12e71</value>
         <object_component_ref idref="oc-503"/>
      </symbol>
      <symbol id="sm-d66">
         <name>__mktime32</name>
         <value>0x12e71</value>
         <object_component_ref idref="oc-503"/>
      </symbol>
      <symbol id="sm-d70">
         <name>__mpu_init</name>
         <value>0x14c07</value>
         <object_component_ref idref="oc-7b"/>
      </symbol>
      <symbol id="sm-d7a">
         <name>_system_pre_init</name>
         <value>0x14e99</value>
         <object_component_ref idref="oc-81"/>
      </symbol>
      <symbol id="sm-d82">
         <name>main_func_sp</name>
         <value>0x20001308</value>
         <object_component_ref idref="oc-99"/>
      </symbol>
      <symbol id="sm-d90">
         <name>strcpy</name>
         <value>0x14d65</value>
         <object_component_ref idref="oc-225"/>
      </symbol>
      <symbol id="sm-d9e">
         <name>strlen</name>
         <value>0x14d79</value>
         <object_component_ref idref="oc-22b"/>
      </symbol>
      <symbol id="sm-dae">
         <name>_tz</name>
         <value>0x200012c4</value>
         <object_component_ref idref="oc-509"/>
      </symbol>
      <symbol id="sm-dbd">
         <name>__aeabi_uidivmod</name>
         <value>0x14bc7</value>
         <object_component_ref idref="oc-129"/>
      </symbol>
      <symbol id="sm-dbe">
         <name>__aeabi_uidiv</name>
         <value>0x14bc7</value>
         <object_component_ref idref="oc-129"/>
      </symbol>
      <symbol id="sm-dd7">
         <name>_nop</name>
         <value>0x14d5f</value>
         <object_component_ref idref="oc-289"/>
      </symbol>
      <symbol id="sm-dd8">
         <name>_lock</name>
         <value>0x200012e0</value>
         <object_component_ref idref="oc-18f"/>
      </symbol>
      <symbol id="sm-dd9">
         <name>_unlock</name>
         <value>0x200012e4</value>
         <object_component_ref idref="oc-18f"/>
      </symbol>
      <symbol id="sm-dda">
         <name>_register_lock</name>
         <value>0x14d57</value>
         <object_component_ref idref="oc-289"/>
      </symbol>
      <symbol id="sm-ddb">
         <name>_register_unlock</name>
         <value>0x14d51</value>
         <object_component_ref idref="oc-289"/>
      </symbol>
      <symbol id="sm-def">
         <name>_args_main</name>
         <value>0x14d25</value>
         <object_component_ref idref="oc-8d"/>
      </symbol>
      <symbol id="sm-e19">
         <name>__TI_auto_init</name>
         <value>0x147c9</value>
         <object_component_ref idref="oc-87"/>
      </symbol>
      <symbol id="sm-e33">
         <name>copy_in</name>
         <value>0x14a69</value>
         <object_component_ref idref="oc-176"/>
      </symbol>
      <symbol id="sm-e3d">
         <name>__aeabi_idiv0</name>
         <value>0x1332f</value>
         <object_component_ref idref="oc-1dd"/>
      </symbol>
      <symbol id="sm-e5c">
         <name>__aeabi_ldivmod</name>
         <value>0x13111</value>
         <object_component_ref idref="oc-542"/>
      </symbol>
      <symbol id="sm-e66">
         <name>_system_post_cinit</name>
         <value>0x14cef</value>
         <object_component_ref idref="oc-17c"/>
      </symbol>
      <symbol id="sm-e70">
         <name>__aeabi_ldiv0</name>
         <value>0x149bf</value>
         <object_component_ref idref="oc-55f"/>
      </symbol>
      <symbol id="sm-ec3">
         <name>UARTConfigSetExpClk</name>
         <value>0x14b87</value>
         <object_component_ref idref="oc-108"/>
      </symbol>
      <symbol id="sm-ec4">
         <name>UARTDisable</name>
         <value>0x14cf1</value>
         <object_component_ref idref="oc-1cd"/>
      </symbol>
      <symbol id="sm-ec5">
         <name>UARTCharPut</name>
         <value>0x14e6f</value>
         <object_component_ref idref="oc-114"/>
      </symbol>
      <symbol id="sm-ec6">
         <name>UARTEnable</name>
         <value>0x14d3d</value>
         <object_component_ref idref="oc-10e"/>
      </symbol>
      <symbol id="sm-ec7">
         <name>UARTIntClear</name>
         <value>0x14e95</value>
         <object_component_ref idref="oc-e2"/>
      </symbol>
      <symbol id="sm-ec8">
         <name>UARTIntStatus</name>
         <value>0x14e79</value>
         <object_component_ref idref="oc-dc"/>
      </symbol>
      <symbol id="sm-ec9">
         <name>UARTCharGet</name>
         <value>0x14e65</value>
         <object_component_ref idref="oc-11a"/>
      </symbol>
      <symbol id="sm-f2e">
         <name>SysCtlPeripheralPresent</name>
         <value>0x14c3d</value>
         <object_component_ref idref="oc-fc"/>
      </symbol>
      <symbol id="sm-f2f">
         <name>SysCtlClockSet</name>
         <value>0x13fa9</value>
         <object_component_ref idref="oc-b1"/>
      </symbol>
      <symbol id="sm-f30">
         <name>SysCtlDelay</name>
         <value>0x14e8f</value>
         <object_component_ref idref="oc-cf"/>
      </symbol>
      <symbol id="sm-f31">
         <name>SysCtlPeripheralEnable</name>
         <value>0x14c09</value>
         <object_component_ref idref="oc-102"/>
      </symbol>
      <symbol id="sm-f32">
         <name>SysCtlClockGet</name>
         <value>0x13b81</value>
         <object_component_ref idref="oc-c9"/>
      </symbol>
      <symbol id="sm-f5c">
         <name>SSIDataGetNonBlocking</name>
         <value>0x14dc3</value>
         <object_component_ref idref="oc-4c1"/>
      </symbol>
      <symbol id="sm-f5d">
         <name>SSIDataPutNonBlocking</name>
         <value>0x14e11</value>
         <object_component_ref idref="oc-4bb"/>
      </symbol>
      <symbol id="sm-f5e">
         <name>SSIConfigSetExpClk</name>
         <value>0x14b45</value>
         <object_component_ref idref="oc-497"/>
      </symbol>
      <symbol id="sm-f5f">
         <name>SSIEnable</name>
         <value>0x14e5b</value>
         <object_component_ref idref="oc-49d"/>
      </symbol>
      <symbol id="sm-f8d">
         <name>IntEnable</name>
         <value>0x14909</value>
         <object_component_ref idref="oc-4af"/>
      </symbol>
      <symbol id="sm-f8e">
         <name>IntMasterEnable</name>
         <value>0x14e51</value>
         <object_component_ref idref="oc-4b5"/>
      </symbol>
      <symbol id="sm-100e">
         <name>GPIOPinConfigure</name>
         <value>0x14ab5</value>
         <object_component_ref idref="oc-204"/>
      </symbol>
      <symbol id="sm-100f">
         <name>GPIOIntDisable</name>
         <value>0x14df5</value>
         <object_component_ref idref="oc-c3"/>
      </symbol>
      <symbol id="sm-1010">
         <name>GPIOIntEnable</name>
         <value>0x14e39</value>
         <object_component_ref idref="oc-bd"/>
      </symbol>
      <symbol id="sm-1011">
         <name>GPIOIntTypeSet</name>
         <value>0x14969</value>
         <object_component_ref idref="oc-4a9"/>
      </symbol>
      <symbol id="sm-1012">
         <name>GPIOPinTypeGPIOInput</name>
         <value>0x14d8d</value>
         <object_component_ref idref="oc-4a3"/>
      </symbol>
      <symbol id="sm-1013">
         <name>GPIOIntClear</name>
         <value>0x14e83</value>
         <object_component_ref idref="oc-d6"/>
      </symbol>
      <symbol id="sm-1014">
         <name>GPIOPinTypeUART</name>
         <value>0x14db1</value>
         <object_component_ref idref="oc-20a"/>
      </symbol>
      <symbol id="sm-1015">
         <name>GPIOIntStatus</name>
         <value>0x14e03</value>
         <object_component_ref idref="oc-d0"/>
      </symbol>
      <symbol id="sm-1016">
         <name>GPIOPinTypeGPIOOutput</name>
         <value>0x14d0d</value>
         <object_component_ref idref="oc-48b"/>
      </symbol>
      <symbol id="sm-1017">
         <name>GPIODirModeSet</name>
         <value>0x14c9f</value>
         <object_component_ref idref="oc-2bb"/>
      </symbol>
      <symbol id="sm-1018">
         <name>GPIOPinWrite</name>
         <value>0x14e89</value>
         <object_component_ref idref="oc-b7"/>
      </symbol>
      <symbol id="sm-1019">
         <name>GPIOPadConfigSet</name>
         <value>0x13931</value>
         <object_component_ref idref="oc-2c1"/>
      </symbol>
      <symbol id="sm-101a">
         <name>GPIOPinTypeSSI</name>
         <value>0x14d9f</value>
         <object_component_ref idref="oc-491"/>
      </symbol>
      <symbol id="sm-1030">
         <name>FPULazyStackingEnable</name>
         <value>0x14de5</value>
         <object_component_ref idref="oc-ab"/>
      </symbol>
      <symbol id="sm-1031">
         <name>FPUEnable</name>
         <value>0x14dd5</value>
         <object_component_ref idref="oc-a5"/>
      </symbol>
      <symbol id="sm-103b">
         <name>CPUcpsie</name>
         <value>0x14e2d</value>
         <object_component_ref idref="oc-537"/>
      </symbol>
      <symbol id="sm-103c">
         <name>__TI_static_base__</name>
         <value>0x0</value>
      </symbol>
      <symbol id="sm-103f">
         <name>SHT$$INIT_ARRAY$$Limit</name>
         <value>0x0</value>
      </symbol>
      <symbol id="sm-1040">
         <name>SHT$$INIT_ARRAY$$Base</name>
         <value>0x0</value>
      </symbol>
   </symbol_table>
   <title>Link successful</title>
</link_info>
